// Jest Snapshot v1, https://goo.gl/fbAQLP

exports[`InvalidObject component should render 1`] = `
<Route>
  <Component />
</Route>
`;
